// Jest Snapshot v1, https://goo.gl/fbAQLP

exports[`AddCategory Group AddCategory: setCategory 1`] = `
<Fragment>
  <form
    onSubmit={[Function]}
  >
    <input
      onChange={[Function]}
      placeholder="Write new character"
      type="text"
      value=""
    />
  </form>
</Fragment>
`;
