// Jest Snapshot v1, https://goo.gl/fbAQLP

exports[`Group Tests GifGridItem GifGridItem: ok display 1`] = `
<div
  className="card animate__animated animate__fadeIn"
>
  <p>
    Title item
  </p>
  <img
    alt="Title item"
    src="https://localhost/item.jpg"
  />
</div>
`;
